###############################################################################
#
# IAR ELF Linker V8.11.3.13950/W32 for ARM                24/Nov/2017  20:08:03
# Copyright 2007-2017 IAR Systems AB.
#
#    Output file  =  
#        C:\Users\Kendall\Documents\GitHub\Winshield_Wiper_Timer\Winshield_Wiper_Timer\EWARM\Winshield_Wiper_Timer\Exe\Winshield_Wiper_Timer.out
#    Map file     =  
#        C:\Users\Kendall\Documents\GitHub\Winshield_Wiper_Timer\Winshield_Wiper_Timer\EWARM\Winshield_Wiper_Timer\List\Winshield_Wiper_Timer.map
#    Command line =  
#        -f C:\Users\Kendall\AppData\Local\Temp\EW20EA.tmp
#        (C:\Users\Kendall\Documents\GitHub\Winshield_Wiper_Timer\Winshield_Wiper_Timer\EWARM\Winshield_Wiper_Timer\Obj\main.o
#        C:\Users\Kendall\Documents\GitHub\Winshield_Wiper_Timer\Winshield_Wiper_Timer\EWARM\Winshield_Wiper_Timer\Obj\startup_stm32f401xe.o
#        C:\Users\Kendall\Documents\GitHub\Winshield_Wiper_Timer\Winshield_Wiper_Timer\EWARM\Winshield_Wiper_Timer\Obj\stm32f4xx_hal.o
#        C:\Users\Kendall\Documents\GitHub\Winshield_Wiper_Timer\Winshield_Wiper_Timer\EWARM\Winshield_Wiper_Timer\Obj\stm32f4xx_hal_cortex.o
#        C:\Users\Kendall\Documents\GitHub\Winshield_Wiper_Timer\Winshield_Wiper_Timer\EWARM\Winshield_Wiper_Timer\Obj\stm32f4xx_hal_dma.o
#        C:\Users\Kendall\Documents\GitHub\Winshield_Wiper_Timer\Winshield_Wiper_Timer\EWARM\Winshield_Wiper_Timer\Obj\stm32f4xx_hal_dma_ex.o
#        C:\Users\Kendall\Documents\GitHub\Winshield_Wiper_Timer\Winshield_Wiper_Timer\EWARM\Winshield_Wiper_Timer\Obj\stm32f4xx_hal_flash.o
#        C:\Users\Kendall\Documents\GitHub\Winshield_Wiper_Timer\Winshield_Wiper_Timer\EWARM\Winshield_Wiper_Timer\Obj\stm32f4xx_hal_flash_ex.o
#        C:\Users\Kendall\Documents\GitHub\Winshield_Wiper_Timer\Winshield_Wiper_Timer\EWARM\Winshield_Wiper_Timer\Obj\stm32f4xx_hal_flash_ramfunc.o
#        C:\Users\Kendall\Documents\GitHub\Winshield_Wiper_Timer\Winshield_Wiper_Timer\EWARM\Winshield_Wiper_Timer\Obj\stm32f4xx_hal_gpio.o
#        C:\Users\Kendall\Documents\GitHub\Winshield_Wiper_Timer\Winshield_Wiper_Timer\EWARM\Winshield_Wiper_Timer\Obj\stm32f4xx_hal_msp.o
#        C:\Users\Kendall\Documents\GitHub\Winshield_Wiper_Timer\Winshield_Wiper_Timer\EWARM\Winshield_Wiper_Timer\Obj\stm32f4xx_hal_pwr.o
#        C:\Users\Kendall\Documents\GitHub\Winshield_Wiper_Timer\Winshield_Wiper_Timer\EWARM\Winshield_Wiper_Timer\Obj\stm32f4xx_hal_pwr_ex.o
#        C:\Users\Kendall\Documents\GitHub\Winshield_Wiper_Timer\Winshield_Wiper_Timer\EWARM\Winshield_Wiper_Timer\Obj\stm32f4xx_hal_rcc.o
#        C:\Users\Kendall\Documents\GitHub\Winshield_Wiper_Timer\Winshield_Wiper_Timer\EWARM\Winshield_Wiper_Timer\Obj\stm32f4xx_hal_rcc_ex.o
#        C:\Users\Kendall\Documents\GitHub\Winshield_Wiper_Timer\Winshield_Wiper_Timer\EWARM\Winshield_Wiper_Timer\Obj\stm32f4xx_hal_tim.o
#        C:\Users\Kendall\Documents\GitHub\Winshield_Wiper_Timer\Winshield_Wiper_Timer\EWARM\Winshield_Wiper_Timer\Obj\stm32f4xx_hal_tim_ex.o
#        C:\Users\Kendall\Documents\GitHub\Winshield_Wiper_Timer\Winshield_Wiper_Timer\EWARM\Winshield_Wiper_Timer\Obj\stm32f4xx_it.o
#        C:\Users\Kendall\Documents\GitHub\Winshield_Wiper_Timer\Winshield_Wiper_Timer\EWARM\Winshield_Wiper_Timer\Obj\system_stm32f4xx.o
#        --redirect _Printf=_PrintfFull --redirect _Scanf=_ScanfFull -o
#        C:\Users\Kendall\Documents\GitHub\Winshield_Wiper_Timer\Winshield_Wiper_Timer\EWARM\Winshield_Wiper_Timer\Exe\Winshield_Wiper_Timer.out
#        --map
#        C:\Users\Kendall\Documents\GitHub\Winshield_Wiper_Timer\Winshield_Wiper_Timer\EWARM\Winshield_Wiper_Timer\List\Winshield_Wiper_Timer.map
#        --config
#        C:\Users\Kendall\Documents\GitHub\Winshield_Wiper_Timer\Winshield_Wiper_Timer\EWARM/stm32f401xe_flash.icf
#        --semihosting --entry __iar_program_start --vfe --text_out locale)
#
###############################################################################

*******************************************************************************
*** RUNTIME MODEL ATTRIBUTES
***

CppFlavor       = *
__SystemLibrary = DLib
__dlib_version  = 6


*******************************************************************************
*** HEAP SELECTION
***

The basic heap was selected because some modules are built with
size limitations (and not runtime checking), and --advanced_heap
was not specified.


*******************************************************************************
*** PLACEMENT SUMMARY
***

"A0":  place at 0x08000000 { ro section .intvec };
"P1":  place in [from 0x08000000 to 0x0807ffff] { ro };
define block CSTACK with size = 1K, alignment = 8 { };
define block HEAP with size = 512, alignment = 8 { };
"P2":  place in [from 0x20000000 to 0x20017fff] {
          rw, block CSTACK, block HEAP };
initialize by copy { rw };

  Section            Kind        Address    Size  Object
  -------            ----        -------    ----  ------
"A0":                                      0x194
  .intvec            ro code  0x08000000   0x194  startup_stm32f401xe.o [1]
                            - 0x08000194   0x194

"P1":                                     0x109e
  .text              ro code  0x08000194   0x2d4  stm32f4xx_hal_rcc.o [1]
  .text              ro code  0x08000468     0xc  stm32f4xx_hal.o [1]
  .text              ro code  0x08000474   0x2b6  stm32f4xx_hal_tim.o [1]
  .text              ro code  0x0800072c    0x8c  stm32f4xx_hal_msp.o [1]
  .text              ro code  0x080007b8    0xce  stm32f4xx_hal_cortex.o [1]
  .text              ro code  0x08000888   0x248  main.o [1]
  .text              ro code  0x08000ad0   0x1b8  stm32f4xx_hal_gpio.o [1]
  .text              ro code  0x08000c88    0x1e  stm32f4xx_hal.o [1]
  .text              ro code  0x08000ca8    0x10  stm32f4xx_hal.o [1]
  .text              ro code  0x08000cb8    0x34  stm32f4xx_hal.o [1]
  .text              ro code  0x08000cec   0x178  stm32f4xx_hal_rcc.o [1]
  .text              ro code  0x08000e64    0x4a  stm32f4xx_hal_tim_ex.o [1]
  .text              ro code  0x08000eb0    0x28  stm32f4xx_hal.o [1]
  .text              ro code  0x08000ed8    0xee  I64DivMod.o [5]
  .text              ro code  0x08000fc8     0x2  I64DivZer.o [5]
  .text              ro code  0x08000fcc    0x60  system_stm32f4xx.o [1]
  .text              ro code  0x0800102c    0x38  packbits_init_single.o [5]
  .text              ro code  0x08001064    0x28  data_init.o [5]
  .text              ro code  0x0800108c    0x22  fpinit_M.o [4]
  .iar.init_table    const    0x080010b0    0x10  - Linker created -
  .text              ro code  0x080010c0    0x1a  cmain.o [5]
  .text              ro code  0x080010da     0x4  low_level_init.o [3]
  .text              ro code  0x080010de     0x4  exit.o [3]
  .text              ro code  0x080010e4     0xa  cexit.o [5]
  .text              ro code  0x080010f0    0x14  exit.o [6]
  .text              ro code  0x08001104    0x12  stm32f4xx_it.o [1]
  .text              ro code  0x08001118    0x10  startup_stm32f401xe.o [1]
  .text              ro code  0x08001128     0xc  cstartup_M.o [5]
  .text              ro code  0x08001134     0x4  startup_stm32f401xe.o [1]
  .text              ro code  0x08001138     0x4  startup_stm32f401xe.o [1]
  .text              ro code  0x0800113c     0x4  startup_stm32f401xe.o [1]
  .text              ro code  0x08001140     0x4  startup_stm32f401xe.o [1]
  .text              ro code  0x08001144     0x4  startup_stm32f401xe.o [1]
  .text              ro code  0x08001148     0x4  startup_stm32f401xe.o [1]
  .text              ro code  0x0800114c     0x4  startup_stm32f401xe.o [1]
  .text              ro code  0x08001150     0x4  startup_stm32f401xe.o [1]
  .text              ro code  0x08001154     0x4  startup_stm32f401xe.o [1]
  .text              ro code  0x08001158     0x4  startup_stm32f401xe.o [1]
  .text              ro code  0x0800115c     0x4  startup_stm32f401xe.o [1]
  .text              ro code  0x08001160     0x4  startup_stm32f401xe.o [1]
  .text              ro code  0x08001164     0x4  startup_stm32f401xe.o [1]
  .text              ro code  0x08001168     0x4  startup_stm32f401xe.o [1]
  .text              ro code  0x0800116c     0x4  startup_stm32f401xe.o [1]
  .text              ro code  0x08001170     0x4  startup_stm32f401xe.o [1]
  .text              ro code  0x08001174     0x4  startup_stm32f401xe.o [1]
  .text              ro code  0x08001178     0x4  startup_stm32f401xe.o [1]
  .text              ro code  0x0800117c     0x4  startup_stm32f401xe.o [1]
  .text              ro code  0x08001180     0x4  startup_stm32f401xe.o [1]
  .text              ro code  0x08001184     0x4  startup_stm32f401xe.o [1]
  .text              ro code  0x08001188     0x4  startup_stm32f401xe.o [1]
  .text              ro code  0x0800118c     0x4  startup_stm32f401xe.o [1]
  .text              ro code  0x08001190     0x4  startup_stm32f401xe.o [1]
  .text              ro code  0x08001194     0x4  startup_stm32f401xe.o [1]
  .text              ro code  0x08001198     0x4  startup_stm32f401xe.o [1]
  .text              ro code  0x0800119c     0x4  startup_stm32f401xe.o [1]
  .text              ro code  0x080011a0     0x4  startup_stm32f401xe.o [1]
  .text              ro code  0x080011a4     0x4  startup_stm32f401xe.o [1]
  .text              ro code  0x080011a8     0x4  startup_stm32f401xe.o [1]
  .text              ro code  0x080011ac     0x4  startup_stm32f401xe.o [1]
  .text              ro code  0x080011b0     0x4  startup_stm32f401xe.o [1]
  .text              ro code  0x080011b4     0x4  startup_stm32f401xe.o [1]
  .text              ro code  0x080011b8     0x4  startup_stm32f401xe.o [1]
  .text              ro code  0x080011bc     0x4  startup_stm32f401xe.o [1]
  .text              ro code  0x080011c0     0x4  startup_stm32f401xe.o [1]
  .text              ro code  0x080011c4     0x4  startup_stm32f401xe.o [1]
  .text              ro code  0x080011c8     0x4  startup_stm32f401xe.o [1]
  .text              ro code  0x080011cc     0x4  startup_stm32f401xe.o [1]
  .text              ro code  0x080011d0     0x4  startup_stm32f401xe.o [1]
  .text              ro code  0x080011d4     0x4  startup_stm32f401xe.o [1]
  .text              ro code  0x080011d8     0x4  startup_stm32f401xe.o [1]
  .text              ro code  0x080011dc     0x4  startup_stm32f401xe.o [1]
  .text              ro code  0x080011e0     0x4  startup_stm32f401xe.o [1]
  .text              ro code  0x080011e4     0x4  startup_stm32f401xe.o [1]
  .text              ro code  0x080011e8     0x4  startup_stm32f401xe.o [1]
  .text              ro code  0x080011ec     0x4  startup_stm32f401xe.o [1]
  .text              ro code  0x080011f0     0x4  startup_stm32f401xe.o [1]
  .text              ro code  0x080011f4     0x4  startup_stm32f401xe.o [1]
  .text              ro code  0x080011f8     0x4  startup_stm32f401xe.o [1]
  .text              ro code  0x080011fc     0x4  startup_stm32f401xe.o [1]
  .text              ro code  0x08001200     0x4  startup_stm32f401xe.o [1]
  .text              ro code  0x08001204     0x4  startup_stm32f401xe.o [1]
  .text              ro code  0x08001208     0x4  startup_stm32f401xe.o [1]
  .text              ro code  0x0800120c     0x4  startup_stm32f401xe.o [1]
  .text              ro code  0x08001210     0x4  startup_stm32f401xe.o [1]
  .text              ro code  0x08001214     0x4  startup_stm32f401xe.o [1]
  .text              ro code  0x08001218     0x4  startup_stm32f401xe.o [1]
  .text              ro code  0x0800121c     0x4  startup_stm32f401xe.o [1]
  .text              ro code  0x08001220     0x4  startup_stm32f401xe.o [1]
  .text              ro code  0x08001224     0x4  startup_stm32f401xe.o [1]
  .text              ro code  0x08001228     0x4  startup_stm32f401xe.o [1]
  .rodata            const    0x0800122c     0x0  packbits_init_single.o [5]
  Initializer bytes  const    0x0800122c     0x6  <for P2-1>
                            - 0x08001232  0x109e

"P2", part 1 of 2:                          0x44
  P2-1                        0x20000000    0x44  <Init block>
    .data            inited   0x20000000     0x4  system_stm32f4xx.o [1]
    .bss             inited   0x20000004    0x3c  main.o [1]
    .bss             inited   0x20000040     0x4  stm32f4xx_hal.o [1]
                            - 0x20000044    0x44

"P2", part 2 of 2:                         0x400
  CSTACK                      0x20000048   0x400  <Block>
    CSTACK           uninit   0x20000048   0x400  <Block tail>
                            - 0x20000448   0x400


*******************************************************************************
*** INIT TABLE
***

          Address     Size
          -------     ----
Copy/packbits (__iar_packbits_init_single3)
    1 source range, total size 0x6 (8% of destination):
          0x0800122c   0x6
    1 destination range, total size 0x44:
          0x20000000  0x44



*******************************************************************************
*** MODULE SUMMARY
***

    Module                  ro code  ro data  rw data
    ------                  -------  -------  -------
C:\Users\Kendall\Documents\GitHub\Winshield_Wiper_Timer\Winshield_Wiper_Timer\EWARM\Winshield_Wiper_Timer\Obj: [1]
    main.o                      584        5       60
    startup_stm32f401xe.o       668
    stm32f4xx_hal.o             150        1        4
    stm32f4xx_hal_cortex.o      206
    stm32f4xx_hal_gpio.o        440
    stm32f4xx_hal_msp.o         140
    stm32f4xx_hal_rcc.o       1 100
    stm32f4xx_hal_tim.o         694
    stm32f4xx_hal_tim_ex.o       74
    stm32f4xx_it.o               18
    system_stm32f4xx.o           96                 4
    -------------------------------------------------
    Total:                    4 170        6       68

command line: [2]
    -------------------------------------------------
    Total:

dl7M_tlf.a: [3]
    exit.o                        4
    low_level_init.o              4
    -------------------------------------------------
    Total:                        8

m7M_tls.a: [4]
    fpinit_M.o                   34
    -------------------------------------------------
    Total:                       34

rt7M_tl.a: [5]
    I64DivMod.o                 238
    I64DivZer.o                   2
    cexit.o                      10
    cmain.o                      26
    cstartup_M.o                 12
    data_init.o                  40
    packbits_init_single.o       56
    -------------------------------------------------
    Total:                      384

shb_l.a: [6]
    exit.o                       20
    -------------------------------------------------
    Total:                       20

    Gaps                         18        2
    Linker created                        16    1 024
-----------------------------------------------------
    Grand Total:              4 634       24    1 092


*******************************************************************************
*** ENTRY LIST
***

Entry                      Address   Size  Type      Object
-----                      -------   ----  ----      ------
.iar.init_table$$Base   0x080010b0          --   Gb  - Linker created -
.iar.init_table$$Limit  0x080010c0          --   Gb  - Linker created -
?main                   0x080010c1         Code  Gb  cmain.o [5]
AHBPrescTable           0x0800101c   0x10  Data  Gb  system_stm32f4xx.o [1]
Blink_Once              0x08000889   0x1c  Code  Gb  main.o [1]
Blink_Timed             0x080008a5   0x1c  Code  Gb  main.o [1]
CSTACK$$Base            0x20000048          --   Gb  - Linker created -
CSTACK$$Limit           0x20000448          --   Gb  - Linker created -
Get_Time                0x080008c9   0x26  Code  Gb  main.o [1]
HAL_Delay               0x08000c89   0x1e  Code  Wk  stm32f4xx_hal.o [1]
HAL_GPIO_Init           0x08000ad1  0x180  Code  Gb  stm32f4xx_hal_gpio.o [1]
HAL_GPIO_ReadPin        0x08000c51    0xc  Code  Gb  stm32f4xx_hal_gpio.o [1]
HAL_GPIO_WritePin       0x08000c5d    0xc  Code  Gb  stm32f4xx_hal_gpio.o [1]
HAL_GetTick             0x08000469    0xc  Code  Wk  stm32f4xx_hal.o [1]
HAL_IncTick             0x08000ca9   0x10  Code  Wk  stm32f4xx_hal.o [1]
HAL_Init                0x08000cb9   0x30  Code  Gb  stm32f4xx_hal.o [1]
HAL_InitTick            0x08000eb1   0x28  Code  Wk  stm32f4xx_hal.o [1]
HAL_MspInit             0x0800072d   0x60  Code  Gb  stm32f4xx_hal_msp.o [1]
HAL_NVIC_SetPriority    0x080007f1   0x3a  Code  Gb  stm32f4xx_hal_cortex.o [1]
HAL_NVIC_SetPriorityGrouping
                        0x080007d7   0x1a  Code  Gb  stm32f4xx_hal_cortex.o [1]
HAL_RCC_ClockConfig     0x08000ced   0xfe  Code  Gb  stm32f4xx_hal_rcc.o [1]
HAL_RCC_GetHCLKFreq     0x08000df7    0x6  Code  Gb  stm32f4xx_hal_rcc.o [1]
HAL_RCC_OscConfig       0x08000195  0x2d4  Code  Wk  stm32f4xx_hal_rcc.o [1]
HAL_SYSTICK_CLKSourceConfig
                        0x08000853   0x1a  Code  Gb  stm32f4xx_hal_cortex.o [1]
HAL_SYSTICK_Config      0x0800082b   0x28  Code  Gb  stm32f4xx_hal_cortex.o [1]
HAL_SYSTICK_IRQHandler  0x08000881    0x4  Code  Gb  stm32f4xx_hal_cortex.o [1]
HAL_TIMEx_MasterConfigSynchronization
                        0x08000e65   0x4a  Code  Gb  stm32f4xx_hal_tim_ex.o [1]
HAL_TIM_Base_Init       0x08000475   0x1a  Code  Gb  stm32f4xx_hal_tim.o [1]
HAL_TIM_Base_MspInit    0x0800078d   0x26  Code  Gb  stm32f4xx_hal_msp.o [1]
HAL_TIM_ConfigClockSource
                        0x080004b3   0xac  Code  Gb  stm32f4xx_hal_tim.o [1]
HAL_TIM_SlaveConfigSynchronization
                        0x08000571   0x1a  Code  Gb  stm32f4xx_hal_tim.o [1]
MX_TIM2_Init            0x08000a5d   0x5a  Code  Lc  main.o [1]
NVIC_SetPriority        0x080007b9   0x1e  Code  Lc  stm32f4xx_hal_cortex.o [1]
PendSV_Handler          0x08001107    0x2  Code  Gb  stm32f4xx_it.o [1]
Region$$Table$$Base     0x080010b0          --   Gb  - Linker created -
Region$$Table$$Limit    0x080010c0          --   Gb  - Linker created -
SVC_Handler             0x08001105    0x2  Code  Gb  stm32f4xx_it.o [1]
SysTick_Handler         0x08001109    0xe  Code  Gb  stm32f4xx_it.o [1]
SystemClock_Config      0x080009b1   0xac  Code  Gb  main.o [1]
SystemCoreClock         0x20000000    0x4  Data  Gb  system_stm32f4xx.o [1]
SystemInit              0x08000fcd   0x3a  Code  Gb  system_stm32f4xx.o [1]
TIM_Base_SetConfig      0x080005b9   0x72  Code  Gb  stm32f4xx_hal_tim.o [1]
TIM_ETR_SetConfig       0x08000717   0x14  Code  Lc  stm32f4xx_hal_tim.o [1]
TIM_ITRx_SetConfig      0x08000707   0x10  Code  Lc  stm32f4xx_hal_tim.o [1]
TIM_SlaveTimer_SetConfig
                        0x08000651   0x70  Code  Lc  stm32f4xx_hal_tim.o [1]
TIM_TI1_ConfigInputStage
                        0x080006c1   0x1c  Code  Lc  stm32f4xx_hal_tim.o [1]
TIM_TI2_ConfigInputStage
                        0x080006e3   0x24  Code  Lc  stm32f4xx_hal_tim.o [1]
__aeabi_ldiv0           0x08000fc9         Code  Gb  I64DivZer.o [5]
__aeabi_uldivmod        0x08000ed9         Code  Gb  I64DivMod.o [5]
__cmain                 0x080010c1         Code  Gb  cmain.o [5]
__exit                  0x080010f1   0x14  Code  Gb  exit.o [6]
__iar_data_init3        0x08001065   0x28  Code  Gb  data_init.o [5]
__iar_init_vfp          0x0800108d         Code  Gb  fpinit_M.o [4]
__iar_packbits_init_single3
                        0x0800102d   0x38  Code  Gb  packbits_init_single.o [5]
__iar_program_start     0x08001129         Code  Gb  cstartup_M.o [5]
__iar_systems$$module {Abs}
                        0x00000001         Data  Gb  command line/config [2]
__low_level_init        0x080010db    0x4  Code  Gb  low_level_init.o [3]
__vector_table          0x08000000         Data  Gb  startup_stm32f401xe.o [1]
_call_main              0x080010cd         Code  Gb  cmain.o [5]
_exit                   0x080010e5         Code  Gb  cexit.o [5]
_main                   0x080010d7         Code  Gb  cmain.o [5]
exit                    0x080010df    0x4  Code  Gb  exit.o [3]
htim2                   0x20000004   0x3c  Data  Gb  main.o [1]
main                    0x080008ef   0xb4  Code  Gb  main.o [1]
uwTick                  0x20000040    0x4  Data  Gb  stm32f4xx_hal.o [1]


[1] = C:\Users\Kendall\Documents\GitHub\Winshield_Wiper_Timer\Winshield_Wiper_Timer\EWARM\Winshield_Wiper_Timer\Obj
[2] = command line
[3] = dl7M_tlf.a
[4] = m7M_tls.a
[5] = rt7M_tl.a
[6] = shb_l.a

  4 634 bytes of readonly  code memory
     24 bytes of readonly  data memory
  1 092 bytes of readwrite data memory

Errors: none
Warnings: none
